exports[`test matches snapshot 1`] = `
<div>
  <div>
    title
  </div>
  <div>
    abstract
  </div>
</div>
`;
